2026-10-05 14:43:16.733: [INFO] CurrentProfilePath: C:\Users\권준구\Desktop\inline-ai-setup\tools\lecture\edgeprof\Default
2026-10-05 14:43:16.733: [INFO] Profiles total count: 1
2026-10-05 14:43:16.733: [INFO] Profile: name=프로필 1 path=C:\Users\권준구\Desktop\inline-ai-setup\tools\lecture\edgeprof\Default lastActive=2026-10-05T14:43:16.699Z
2026-10-05 14:43:16.733: [INFO] LastUsedProfileDir: C:\Users\권준구\Desktop\inline-ai-setup\tools\lecture\edgeprof\Default
2026-10-05 14:43:16.733: [INFO] MostRecentlyActiveProfile: name=프로필 1 path=C:\Users\권준구\Desktop\inline-ai-setup\tools\lecture\edgeprof\Default lastActive=2026-10-05T14:43:16.699Z
2026-10-05 14:43:16.733: [INFO] OnDoneLoading sync enabled: 0
2026-10-05 14:43:16.733: [INFO] BookmarkModelLoaded, ids_reassigned: 0
2026-10-05 14:43:16.733: [INFO] BookmarksLoadDropped droppedNodes=0
2026-10-05 14:43:16.733: [INFO] BookmarksSnapshot Startup total=0 bar=0 other=0 mobile=0 showBar=0 showBarNTP=1
2026-10-05 14:43:16.735: [INFO] RecordSyncInitDuration has_sync_been_enabled: 0 state: 0
2026-10-05 14:43:17.103: [INFO] VisibilityChanged: 0
2026-10-05 14:43:20.531: [INFO] BookmarkNodeAdded, ABU: 0
2026-10-05 14:43:20.531: [INFO] BookmarkNodeAdded, ABU: 0
2026-10-05 14:43:20.531: [INFO] BookmarkNodeAdded, ABU: 0
2026-10-05 14:43:20.532: [INFO] BookmarkNodeAdded, ABU: 0
2026-10-05 14:43:20.532: [INFO] BookmarkNodeAdded, ABU: 0
2026-10-05 14:43:20.532: [INFO] BookmarkNodeAdded, ABU: 0
2026-10-05 14:43:20.532: [INFO] BookmarkNodeAdded, ABU: 0
2026-10-05 14:43:20.532: [INFO] BookmarkNodeAdded, ABU: 0
2026-10-05 14:43:20.532: [INFO] BookmarkNodeAdded, ABU: 0
2026-10-05 14:43:20.532: [INFO] BookmarkNodeAdded, ABU: 0
2026-10-05 14:43:58.644: [INFO] BookmarksSnapshot Shutdown total=10 bar=5 other=5 mobile=0 showBar=0 showBarNTP=1
